components/exclusive-trips.tsx(288,50): error TS2304: Cannot find name 't'.
components/exclusive-trips.tsx(290,14): error TS2304: Cannot find name 't'.
components/exclusive-trips.tsx(293,14): error TS2304: Cannot find name 't'.
components/exclusive-trips.tsx(305,12): error TS2304: Cannot find name 't'.
components/exclusive-trips.tsx(308,12): error TS2304: Cannot find name 't'.
components/exclusive-trips.tsx(315,36): error TS2304: Cannot find name 't'.
components/exclusive-trips.tsx(319,37): error TS2304: Cannot find name 't'.
components/exclusive-trips.tsx(326,41): error TS2304: Cannot find name 't'.
components/exclusive-trips.tsx(340,38): error TS2304: Cannot find name 't'.
components/exclusive-trips.tsx(357,40): error TS2304: Cannot find name 't'.
components/exclusive-trips.tsx(371,36): error TS2304: Cannot find name 't'.
components/exclusive-trips.tsx(377,39): error TS2304: Cannot find name 't'.
components/exclusive-trips.tsx(387,12): error TS2304: Cannot find name 't'.
components/exclusive-trips.tsx(391,12): error TS2304: Cannot find name 't'.
lib/i18n/context.tsx(84,32): error TS2322: Type '{ locale: Locale; setLocale: (newLocale: Locale) => void; t: (key: string, params?: Record<string, string | number>) => string; dir: string; isRtl: boolean; }' is not assignable to type 'I18nContextType'.
  Types of property 'dir' are incompatible.
    Type 'string' is not assignable to type '"ltr" | "rtl"'.
